// Jest Snapshot v1, https://goo.gl/fbAQLP

exports[`Guest renders correctly (snapshot) 1`] = `
<div>
  Mariah
</div>
`;
